// Jest Snapshot v1, https://goo.gl/fbAQLP

exports[`nnnnnn matches snapshot 1`] = `
<div
  className="App"
>
  <div
    className="container"
  >
    <form
      data-testid="input-1"
      onSubmit={[Function]}
    >
      <input
        onChange={[Function]}
        onKeyDown={[Function]}
        placeholder="Add task"
        type="text"
        value=""
      />
    </form>
    <div
      className="azerty"
    >
      <div
        className="todo"
      >
        <h3>
          TODO
        </h3>
        <ul />
      </div>
      <div
        className="done"
      >
        <h3>
          DONE
        </h3>
        <ul />
      </div>
    </div>
  </div>
</div>
`;
